<html>
<body>
<pre>
<h1>礦ision Build Log</h1>
<h2>Tool Versions:</h2>
IDE-Version: μVision V5.14.0.0
Copyright (C) 2015 ARM Ltd and ARM Germany GmbH. All rights reserved.
License Information: l zh, 666, LIC=IK1BF-67SVT-9UF4U-S2GAY-ZEPBB-NKHEA
 
Tool Versions:
Toolchain:       MDK-ARM Standard  Version: 5.14.0.0
Toolchain Path:  D:\keil_v5\ARM\ARMCC\Bin
C Compiler:      Armcc.exe V5.05 update 1 (build 106)
Assembler:       Armasm.exe V5.05 update 1 (build 106)
Linker/Locator:  ArmLink.exe V5.05 update 1 (build 106)
Library Manager: ArmAr.exe V5.05 update 1 (build 106)
Hex Converter:   FromElf.exe V5.05 update 1 (build 106)
CPU DLL:         SARMCM3.DLL V5.14.0.0
Dialog DLL:      DCM.DLL V1.13.1.0
Target DLL:      STLink\ST-LINKIII-KEIL_SWO.dll V2.0.14.0_KEIL
Dialog DLL:      TCM.DLL V1.14.4.0
 
<h2>Project:</h2>
D:\cubeMX_code\mpu6050\MDK-ARM\mpu6050.uvprojx
Project File Date:  01/15/2023

<h2>Output:</h2>
Build target 'mpu6050'
compiling main.c...
../Src/main.c(217): warning:  #223-D: function "printf" declared implicitly
                printf("%.2f,%.2f,%.2f  \n",Gx,Gy,Gz);//在vofa上显示数据
../Src/main.c: 1 warning, 0 errors
linking...
Program Size: Code=14684 RO-data=360 RW-data=64 ZI-data=1176  
FromELF: creating hex file...
"mpu6050\mpu6050.axf" - 0 Error(s), 1 Warning(s).

<h2>Software Packages used:</h2>

Package Vendor: ARM
                http://www.keil.com/pack/ARM.CMSIS.4.2.0.pack
                ARM::CMSIS:CORE:3.40.0
                CMSIS (Cortex Microcontroller Software Interface Standard)
   * Component: CORE Version: 3.40.0

<h2>Collection of Component include folders:</h2>
  D:\cubeMX_code\mpu6050\MDK-ARM\RTE
  D:\keil_v5\ARM\PACK\ARM\CMSIS\4.2.0\CMSIS\Include
  D:\keil_v5\ARM\PACK\Keil\STM32F1xx_DFP\2.4.0

<h2>Collection of Component Files used:</h2>

   * Component: ARM::CMSIS:CORE:3.40.0
      Source file:   CMSIS\UserCodeTemplates\ARM\ITM_Retarget.c
</pre>
</body>
</html>
